Copyright 1986-2018 Xilinx, Inc. All Rights Reserved.
----------------------------------------------------------------------------------------
| Tool Version : Vivado v.2018.3 (win64) Build 2405991 Thu Dec  6 23:38:27 MST 2018
| Date         : Fri Apr 12 01:47:23 2019
| Host         : MINGJIE running 64-bit major release  (build 9200)
| Command      : report_control_sets -verbose -file display_top_control_sets_placed.rpt
| Design       : display_top
| Device       : xc7a35t
----------------------------------------------------------------------------------------

Control Set Information

Table of Contents
-----------------
1. Summary
2. Histogram
3. Flip-Flop Distribution
4. Detailed Control Set Information

1. Summary
----------

+----------------------------------------------------------+-------+
|                          Status                          | Count |
+----------------------------------------------------------+-------+
| Number of unique control sets                            |     5 |
| Unused register locations in slices containing registers |    25 |
+----------------------------------------------------------+-------+


2. Histogram
------------

+--------+--------------+
| Fanout | Control Sets |
+--------+--------------+
|      3 |            1 |
|      4 |            1 |
|     10 |            2 |
|     12 |            1 |
+--------+--------------+


3. Flip-Flop Distribution
-------------------------

+--------------+-----------------------+------------------------+-----------------+--------------+
| Clock Enable | Synchronous Set/Reset | Asynchronous Set/Reset | Total Registers | Total Slices |
+--------------+-----------------------+------------------------+-----------------+--------------+
| No           | No                    | No                     |               3 |            3 |
| No           | No                    | Yes                    |               4 |            2 |
| No           | Yes                   | No                     |               0 |            0 |
| Yes          | No                    | No                     |               0 |            0 |
| Yes          | No                    | Yes                    |              20 |            6 |
| Yes          | Yes                   | No                     |              12 |            5 |
+--------------+-----------------------+------------------------+-----------------+--------------+


4. Detailed Control Set Information
-----------------------------------

+----------------+-------------------------+------------------+------------------+----------------+
|  Clock Signal  |      Enable Signal      | Set/Reset Signal | Slice Load Count | Bel Load Count |
+----------------+-------------------------+------------------+------------------+----------------+
|  clk_IBUF_BUFG |                         |                  |                3 |              3 |
|  clk_IBUF_BUFG |                         | hard_reset_IBUF  |                2 |              4 |
|  clk_IBUF_BUFG | vsync_unit/v_count_reg0 | hard_reset_IBUF  |                2 |             10 |
|  clk_IBUF_BUFG | vsync_unit/p_tick       | hard_reset_IBUF  |                4 |             10 |
|  clk_IBUF_BUFG | vsync_unit/p_tick       | rgb_reg          |                5 |             12 |
+----------------+-------------------------+------------------+------------------+----------------+


