reg__24: 
datapath__22: 
reg__12: 
logic__113: 
datapath__21: 
datapath__20: 
logic__196: 
case__54: 
muxpart__2: 
logic__150: 
datapath__14: 
case__36: 
logic__180: 
logic__44: 
datapath__2: 
logic__14: 
case__7: 
reg__30: 
logic__185: 
logic__95: 
muxpart__15: 
logic__168: 
datapath__5: 
logic__49: 
logic__132: 
case__41: 
reg__5: 
case__27: 
datapath__11: 
reg__11: 
logic__119: 
reg__17: 
logic__179: 
logic__195: 
logic__154: 
datapath__12: 
logic__134: 
logic__118: 
logic__63: 
datapath__10: 
logic__21: 
logic__6: 
reg__23: 
reg__13: 
reg__4: 
logic__167: 
case__25: 
datapath__8: 
reg__1: 
reg__20: 
datapath: 
case__52: 
logic__153: 
case__13: 
logic__163: 
case__26: 
case__6: 
reg__14: 
logic__40: 
logic__2: 
datapath__24: 
counter__1: 
muxpart__10: 
logic__43: 
logic__101: 
logic__42: 
muxpart__6: 
case__44: 
logic: 
display_top: 
logic__123: 
logic__38: 
reg__8: 
logic__76: 
muxpart__9: 
test_rom: 
datapath__25: 
logic__86: 
case__22: 
muxpart__16: 
case__3: 
case__10: 
case__34: 
muxpart__3: 
reg__10: 
datapath__17: 
case__35: 
case__42: 
case__8: 
logic__75: 
case__48: 
case__4: 
case__46: 
logic__62: 
muxpart__8: 
debouncer: 
reg__16: 
vga_sync: 
object_rom: 
case__28: 
logic__41: 
logic__106: 
logic__77: 
datapath__13: 
case__50: 
case__21: 
case__29: 
logic__144: 
logic__115: 
logic__155: 
case__30: 
logic__94: 
logic__116: 
logic__183: 
object_test: 
logic__190: 
logic__177: 
logic__170: 
logic__157: 
case__18: 
logic__114: 
logic__176: 
reg__21: 
logic__28: 
logic__32: 
logic__166: 
reg__9: 
key_fsm__parameterized1: 
case__15: 
logic__145: 
logic__105: 
counter__2: 
case__38: 
extrom__1: 
datapath__4: 
datapath__6: 
datapath__16: 
logic__111: 
reg__7: 
reg__15: 
logic__61: 
logic__148: 
case__51: 
logic__45: 
logic__197: 
datapath__3: 
case__53: 
case__20: 
datapath__23: 
logic__33: 
counter__3: 
logic__46: 
logic__20: 
case__12: 
case: 
reg__28: 
case__45: 
logic__99: 
datapath__9: 
logic__39: 
logic__117: 
logic__156: 
muxpart__7: 
reg__29: 
reg__25: 
logic__19: 
logic__186: 
logic__87: 
case__14: 
case__47: 
logic__151: 
case__1: 
case__24: 
case__9: 
logic__31: 
key_fsm: 
case__43: 
logic__10: 
case__31: 
case__37: 
logic__50: 
case__11: 
datapath__18: 
muxpart__4: 
reg__6: 
muxpart: 
reg: 
logic__171: 
muxpart__12: 
datapath__1: 
logic__80: 
logic__172: 
logic__182: 
reg__22: 
datapath__7: 
PS2Receiver: 
extrom: 
logic__84: 
case__32: 
key_fsm__parameterized2: 
datapath__19: 
muxpart__14: 
reg__3: 
logic__112: 
reg__26: 
muxpart__5: 
reg__27: 
case__49: 
case__19: 
reg__2: 
case__5: 
muxpart__1: 
case__39: 
datapath__15: 
case__16: 
case__33: 
counter: 
logic__83: 
case__17: 
logic__96: 
key_fsm__parameterized0: 
reg__19: 
muxpart__13: 
case__2: 
logic__26: 
logic__104: 
logic__187: 
case__57: 
reg__18: 
logic__122: 
case__55: 
logic__169: 
logic__133: 
case__40: 
muxpart__11: 
